# Simple test of breadth-first search algorithm.
# Verifies output of BFS for size 2 connected graph.

created graph characters
added node GORILLA-MAN to characters
added node HAWK to characters

added edge COMIC1 from GORILLA-MAN to HAWK in characters

path from GORILLA-MAN to HAWK:
GORILLA-MAN to HAWK via COMIC1

path from HAWK to GORILLA-MAN:
no path found

path from GORILLA-MAN to GORILLA-MAN:

unknown character G32

unknown character G31
unknown character G32